Simulation is complete, simulated time: 857.538 us
