Simulation is complete, simulated time: 849.978 us
